============================= test session starts =============================
platform win32 -- Python 3.11.9, pytest-9.0.2, pluggy-1.6.0
rootdir: I:\WorkSpace\novel-agent
collected 7 items / 1 error

=================================== ERRORS ====================================
_________________ ERROR collecting tests/test_manager_flow.py _________________
ImportError while importing test module 'I:\WorkSpace\novel-agent\tests\test_manager_flow.py'.
Hint: make sure your test modules/packages have valid Python names.
Traceback:
I:\Py3.11\Lib\importlib\__init__.py:126: in import_module
    return _bootstrap._gcd_import(name[level:], package, level)
           ^^^^^^^^^^^^^^^^^^^^^^^^^^^^^^^^^^^^^^^^^^^^^^^^^^^^
tests\test_manager_flow.py:4: in <module>
    from core.manager import ProjectManager
src\core\manager.py:5: in <module>
    import yaml
E   ModuleNotFoundError: No module named 'yaml'
=========================== short test summary info ===========================
ERROR tests/test_manager_flow.py
!!!!!!!!!!!!!!!!!!! Interrupted: 1 error during collection !!!!!!!!!!!!!!!!!!!!
============================== 1 error in 0.22s ===============================
